Welcome to quixxmaster!
>>>move 0 expected score: 160.84
move 1 expected score: 160.55
move 2 expected score: 139.732
move 3 expected score: 129.172
move 4 expected score: 136.487
move 5 expected score: 144.237
move 6 expected score: 149.441
move 7 expected score: 144.293
move 8 expected score: 144.293
move 9 expected score: 149.912
move 10 expected score: 142.042
move 11 expected score: 145.343
move 12 expected score: 148.189
move 13 expected score: 135.651
move 14 expected score: 127.276
move 15 expected score: 126.167
move 16 expected score: 137.488
move 17 expected score: 124.781
move 18 expected score: 119.537
move 19 expected score: 113.537
move 20 expected score: 99.1055
move 21 expected score: 94.9023
move 22 expected score: 106.25
move 23 expected score: 111.438
move 24 expected score: 108.75
move 25 expected score: 87
move 26 expected score: 85
move 27 expected score: 80
Score: 80
>>>exiting...
