Welcome to quixxmaster!
>>>move 0 expected score: 152.824
move 1 expected score: 152.824
move 2 expected score: 141.306
move 3 expected score: 150.263
move 4 expected score: 139.975
move 5 expected score: 129.74
move 6 expected score: 128.869
move 7 expected score: 125.92
move 8 expected score: 128.144
move 9 expected score: 115.622
move 10 expected score: 108.645
move 11 expected score: 102.516
move 12 expected score: 95.8764
move 13 expected score: 85.5709
move 14 expected score: 77.1748
move 15 expected score: 71.4458
move 16 expected score: 68.3818
move 17 expected score: 70.2471
move 18 expected score: 74.5098
move 19 expected score: 72.8906
Score: 29
>>>exiting...
