Welcome to qwixxmaster!
>>>move 0 expected score: 160.783
move 1 expected score: 162.798
move 2 expected score: 155.203
move 3 expected score: 153.355
move 4 expected score: 153.355
move 5 expected score: 144.452
move 6 expected score: 146.988
move 7 expected score: 139.611
move 8 expected score: 133.72
move 9 expected score: 140.416
move 10 expected score: 140.595
move 11 expected score: 141.84
move 12 expected score: 149.628
move 13 expected score: 127.953
move 14 expected score: 138
move 15 expected score: 128.314
move 16 expected score: 128.314
move 17 expected score: 135.828
move 18 expected score: 138.798
move 19 expected score: 138.798
move 20 expected score: 137.05
move 21 expected score: 124.237
move 22 expected score: 113.016
move 23 expected score: 98.1875
move 24 expected score: 79.5
move 25 expected score: 96.1875
move 26 expected score: 110.75
move 27 expected score: 97
move 28 expected score: 93
move 29 expected score: 110
move 30 expected score: 117
Score: 117
>>>exiting...
