Welcome to quixxmaster!
>>>move 0 expected score: 152.824
move 1 expected score: 140.714
move 2 expected score: 130.381
move 3 expected score: 118.757
move 4 expected score: 121.676
move 5 expected score: 128.24
move 6 expected score: 129.934
move 7 expected score: 119.773
move 8 expected score: 109.622
move 9 expected score: 89.2326
move 10 expected score: 88.3033
move 11 expected score: 86.9039
move 12 expected score: 80.1892
move 13 expected score: 81.7371
move 14 expected score: 77.6198
move 15 expected score: 80.4593
move 16 expected score: 76.4515
move 17 expected score: 82.8647
move 18 expected score: 85.3584
move 19 expected score: 87.5938
move 20 expected score: 87
move 21 expected score: 71.4414
move 22 expected score: 66.9062
move 23 expected score: 73.3125
move 24 expected score: 71
move 25 expected score: 78
Score: 68
>>>exiting...
