Welcome to qwixxmaster!
>>>move 0 expected score: 160.783
move 1 expected score: 163.22
move 2 expected score: 166.38
move 3 expected score: 157.051
move 4 expected score: 141.56
move 5 expected score: 137.798
move 6 expected score: 129.094
move 7 expected score: 125.866
move 8 expected score: 116.136
move 9 expected score: 116.136
move 10 expected score: 115.096
move 11 expected score: 111.391
move 12 expected score: 119.594
move 13 expected score: 120.08
move 14 expected score: 112.907
move 15 expected score: 97.1945
move 16 expected score: 102.703
move 17 expected score: 50.3125
move 18 expected score: 66.2109
move 19 expected score: 48.5
move 20 expected score: 60.4688
Score: 39
>>>exiting...
