Welcome to qwixxmaster!
>>>move 0 expected score: 160.783
move 1 expected score: 155.203
move 2 expected score: 135.714
move 3 expected score: 134.022
move 4 expected score: 130.449
move 5 expected score: 149.716
move 6 expected score: 142.626
move 7 expected score: 142.793
move 8 expected score: 144.763
move 9 expected score: 141.546
move 10 expected score: 144.379
move 11 expected score: 130.672
move 12 expected score: 132.47
move 13 expected score: 127.787
move 14 expected score: 133.32
move 15 expected score: 133.293
move 16 expected score: 133.293
move 17 expected score: 133.293
move 18 expected score: 114.756
move 19 expected score: 107.831
move 20 expected score: 109.531
move 21 expected score: 109.531
move 22 expected score: 108.297
move 23 expected score: 104.523
move 24 expected score: 111.688
move 25 expected score: 100
move 26 expected score: 88
move 27 expected score: 97
Score: 89
>>>exiting...
