Welcome to quixxmaster!
>>>unknown syntax: 'set AA'. Known syntax for the 'set' command is 'set <taken_red> <last_red> <taken_yellow> <last_yellow> <taken_green> <last_green> <taken_blue> <last_blue> <missed>'.
>>>cannot parse for color blue
>>>cannot parse for color red
>>>cannot parse missed
>>>red:	0 taken, last=none
yellow:	0 taken, last=none
green:	0 taken, last=none
blue:	0 taken, last=none
missed: 0
>>>exiting...
