Welcome to quixxmaster!
>>>>>>red:	1 taken, last=1
yellow:	0 taken, last=none
green:	0 taken, last=none
blue:	0 taken, last=none
missed: 0
>>>>>>red:	2 taken, last=2
yellow:	0 taken, last=none
green:	0 taken, last=none
blue:	0 taken, last=none
missed: 0
>>>>>>red:	2 taken, last=2
yellow:	1 taken, last=2
green:	0 taken, last=none
blue:	0 taken, last=none
missed: 0
>>>>>>red:	2 taken, last=2
yellow:	2 taken, last=5
green:	0 taken, last=none
blue:	0 taken, last=none
missed: 0
>>>>>>red:	2 taken, last=2
yellow:	2 taken, last=5
green:	1 taken, last=10
blue:	0 taken, last=none
missed: 0
>>>>>>red:	2 taken, last=2
yellow:	2 taken, last=5
green:	1 taken, last=10
blue:	1 taken, last=5
missed: 0
>>>exiting...
